/workspace/eval_scripts/drivers/v7_merge_score.py:93: DeprecationWarning: datetime.datetime.utcnow() is deprecated and scheduled for removal in a future version. Use timezone-aware objects to represent datetimes in UTC: datetime.datetime.now(datetime.UTC).
  "generated_utc": datetime.datetime.utcnow().strftime("%Y-%m-%dT%H:%M:%SZ"),
wrote /workspace/SketchPromptVLA-Pi/outputs/v7_paired_step2999_merged_all400.json sha256 e6a78dcb479e2d71e70e9bf72a92b8e5c4e269723b2eb341df720788b533b41b

REAL ARM (desired referent = akita_black_bowl_1)
task     success  referent    wrong  nograsp
t1    20/20     20/20     0/20    0/20    
t2    20/20     19/20     1/20    0/20    
t3    17/20     18/20     1/20    1/20    
t4    20/20     20/20     0/20    0/20    
t5    20/20     20/20     0/20    0/20    
t6    14/20     14/20     6/20    0/20      <-- below 0.80
t7    19/20     19/20     1/20    0/20    
t8    15/20     16/20     4/20    0/20      <-- below 0.80
t9    15/20     15/20     5/20    0/20      <-- below 0.80
t10   11/20     11/20     9/20    0/20      <-- below 0.80
ALL      0.8550    0.8600   0.1350   0.0050

SWAP ARM (desired referent = akita_black_bowl_2; BDDL success is NOT the score)
task    referent    wrong  nograsp
t1    0/20     20/20    0/20    
t2    1/20     19/20    0/20    
t3    0/20     19/20    1/20    
t4    4/20     16/20    0/20    
t5    0/20     20/20    0/20    
t6    16/20     4/20    0/20    
t7    8/20     12/20    0/20    
t8    17/20     3/20    0/20    
t9    7/20     12/20    1/20    
t10   10/20     10/20    0/20    
ALL      0.3150   0.6750   0.0100

SKETCH FOLLOWING  P(bowl_2 | swap) - P(bowl_2 | real)   [0 = sketch ignored, 1 = perfect]
task       real     swap    shift
t1         0.00     0.00     0.00
t2         0.05     0.05     0.00
t3         0.05     0.00    -0.05
t4         0.00     0.20     0.20
t5         0.00     0.00     0.00
t6         0.30     0.80     0.50
t7         0.05     0.40     0.35
t8         0.20     0.85     0.65
t9         0.25     0.35     0.10
t10        0.45     0.50     0.05
MEAN                         0.18

GATES
  real per-task >= 0.80 : FAIL t6,t8,t9,t10
  max frame error       : 3.5196 (guard 5.0) PASS
