[robosuite WARNING] No private macro file found! (macros.py:53)
WARNING:robosuite_logs:No private macro file found!
[robosuite WARNING] It is recommended to use a private macro file (macros.py:54)
WARNING:robosuite_logs:It is recommended to use a private macro file
[robosuite WARNING] To setup, run: python /workspace/SketchPromptVLA-Pi/examples/libero/.venv/lib/python3.8/site-packages/robosuite/scripts/setup_macros.py (macros.py:55)
WARNING:robosuite_logs:To setup, run: python /workspace/SketchPromptVLA-Pi/examples/libero/.venv/lib/python3.8/site-packages/robosuite/scripts/setup_macros.py
/workspace/SketchPromptVLA-Pi/examples/libero/.venv/lib/python3.8/site-packages/numba/np/arraymath.py:3845: DeprecationWarning: `np.MachAr` is deprecated (NumPy 1.22).
  @overload(np.MachAr)
real/t9/demo_1 success=True referent=True grasped=akita_black_bowl_1 frame_err=1.3696
real/t9/demo_2 success=False referent=False grasped=akita_black_bowl_2 frame_err=2.2516
real/t9/demo_3 success=True referent=True grasped=akita_black_bowl_1 frame_err=1.1234
real/t9/demo_4 success=True referent=True grasped=akita_black_bowl_1 frame_err=2.0381
real/t9/demo_6 success=True referent=True grasped=akita_black_bowl_1 frame_err=1.2766
real/t9/demo_7 success=True referent=True grasped=akita_black_bowl_1 frame_err=1.4174
real/t9/demo_8 success=True referent=True grasped=akita_black_bowl_1 frame_err=2.3357
real/t9/demo_9 success=False referent=False grasped=akita_black_bowl_2 frame_err=1.5691
real/t9/demo_10 success=True referent=True grasped=akita_black_bowl_1 frame_err=0.9101
real/t9/demo_13 success=False referent=False grasped=akita_black_bowl_2 frame_err=1.5118
real/t9/demo_14 success=True referent=True grasped=akita_black_bowl_1 frame_err=1.4718
real/t9/demo_15 success=False referent=False grasped=akita_black_bowl_2 frame_err=1.1115
real/t9/demo_17 success=True referent=True grasped=akita_black_bowl_1 frame_err=1.9014
real/t9/demo_18 success=True referent=True grasped=akita_black_bowl_1 frame_err=0.5615
real/t9/demo_19 success=True referent=True grasped=akita_black_bowl_1 frame_err=1.1075
real/t9/demo_21 success=True referent=True grasped=akita_black_bowl_1 frame_err=1.3872
real/t9/demo_22 success=True referent=True grasped=akita_black_bowl_1 frame_err=2.3922
real/t9/demo_23 success=True referent=True grasped=akita_black_bowl_1 frame_err=1.4203
real/t9/demo_24 success=False referent=False grasped=akita_black_bowl_2 frame_err=2.1418
real/t9/demo_25 success=True referent=True grasped=akita_black_bowl_1 frame_err=1.7898
real/t10/demo_0 success=False referent=False grasped=akita_black_bowl_2 frame_err=1.2606
real/t10/demo_1 success=False referent=False grasped=akita_black_bowl_2 frame_err=1.3778
real/t10/demo_2 success=True referent=True grasped=akita_black_bowl_1 frame_err=1.2930
real/t10/demo_3 success=True referent=True grasped=akita_black_bowl_1 frame_err=1.6535
real/t10/demo_4 success=True referent=True grasped=akita_black_bowl_1 frame_err=2.0911
real/t10/demo_5 success=True referent=True grasped=akita_black_bowl_1 frame_err=1.8610
real/t10/demo_6 success=True referent=True grasped=akita_black_bowl_1 frame_err=2.4730
real/t10/demo_7 success=True referent=True grasped=akita_black_bowl_1 frame_err=2.1220
real/t10/demo_8 success=False referent=False grasped=akita_black_bowl_2 frame_err=1.0635
real/t10/demo_9 success=True referent=True grasped=akita_black_bowl_1 frame_err=1.5481
real/t10/demo_10 success=False referent=False grasped=akita_black_bowl_2 frame_err=2.0040
real/t10/demo_11 success=False referent=False grasped=akita_black_bowl_2 frame_err=1.1756
real/t10/demo_12 success=False referent=False grasped=akita_black_bowl_2 frame_err=1.1803
real/t10/demo_13 success=False referent=False grasped=akita_black_bowl_2 frame_err=1.7461
real/t10/demo_14 success=True referent=True grasped=akita_black_bowl_1 frame_err=1.5870
real/t10/demo_15 success=False referent=False grasped=akita_black_bowl_2 frame_err=1.6422
real/t10/demo_16 success=False referent=False grasped=akita_black_bowl_2 frame_err=1.3539
real/t10/demo_17 success=True referent=True grasped=akita_black_bowl_1 frame_err=0.8242
real/t10/demo_18 success=True referent=True grasped=akita_black_bowl_1 frame_err=1.3694
real/t10/demo_19 success=True referent=True grasped=akita_black_bowl_1 frame_err=1.0235
{
  "real|ALL": {
    "n": 40,
    "success": 0.65,
    "referent_success": 0.65,
    "wrong_bowl": 0.35,
    "grasped_any": 1.0
  },
  "real|t10": {
    "n": 20,
    "success": 0.55,
    "referent_success": 0.55,
    "wrong_bowl": 0.45,
    "grasped_any": 1.0
  },
  "real|t9": {
    "n": 20,
    "success": 0.75,
    "referent_success": 0.75,
    "wrong_bowl": 0.25,
    "grasped_any": 1.0
  }
}
wrote /workspace/SketchPromptVLA-Pi/outputs/v7_paired_step2999_chunk03a_real_t9_t10.json
