[robosuite WARNING] No private macro file found! (macros.py:53)
WARNING:robosuite_logs:No private macro file found!
[robosuite WARNING] It is recommended to use a private macro file (macros.py:54)
WARNING:robosuite_logs:It is recommended to use a private macro file
[robosuite WARNING] To setup, run: python /workspace/SketchPromptVLA-Pi/examples/libero/.venv/lib/python3.8/site-packages/robosuite/scripts/setup_macros.py (macros.py:55)
WARNING:robosuite_logs:To setup, run: python /workspace/SketchPromptVLA-Pi/examples/libero/.venv/lib/python3.8/site-packages/robosuite/scripts/setup_macros.py
/workspace/SketchPromptVLA-Pi/examples/libero/.venv/lib/python3.8/site-packages/numba/np/arraymath.py:3845: DeprecationWarning: `np.MachAr` is deprecated (NumPy 1.22).
  @overload(np.MachAr)
swap/t3/demo_0 success=False referent=False grasped=akita_black_bowl_1 frame_err=2.5733
swap/t3/demo_1 success=False referent=False grasped=akita_black_bowl_1 frame_err=2.5419
swap/t3/demo_2 success=False referent=False grasped=akita_black_bowl_1 frame_err=2.9995
swap/t3/demo_3 success=False referent=False grasped=None frame_err=1.0050
swap/t3/demo_4 success=False referent=False grasped=akita_black_bowl_1 frame_err=1.4796
swap/t3/demo_5 success=False referent=False grasped=akita_black_bowl_1 frame_err=1.6257
swap/t3/demo_6 success=False referent=False grasped=akita_black_bowl_1 frame_err=1.3539
swap/t3/demo_8 success=False referent=False grasped=akita_black_bowl_1 frame_err=2.6790
swap/t3/demo_9 success=False referent=False grasped=akita_black_bowl_1 frame_err=2.6975
swap/t3/demo_10 success=False referent=False grasped=akita_black_bowl_1 frame_err=1.8630
swap/t3/demo_11 success=False referent=False grasped=akita_black_bowl_1 frame_err=0.7200
swap/t3/demo_12 success=False referent=False grasped=akita_black_bowl_1 frame_err=0.9646
swap/t3/demo_14 success=False referent=False grasped=akita_black_bowl_1 frame_err=2.0189
swap/t3/demo_15 success=False referent=False grasped=akita_black_bowl_1 frame_err=1.8799
swap/t3/demo_16 success=False referent=False grasped=akita_black_bowl_1 frame_err=1.4562
swap/t3/demo_17 success=False referent=False grasped=akita_black_bowl_1 frame_err=1.7969
swap/t3/demo_18 success=False referent=False grasped=akita_black_bowl_1 frame_err=2.1491
swap/t3/demo_19 success=False referent=False grasped=akita_black_bowl_1 frame_err=2.6240
swap/t3/demo_20 success=False referent=False grasped=akita_black_bowl_1 frame_err=2.1552
swap/t3/demo_21 success=False referent=False grasped=akita_black_bowl_1 frame_err=1.7957
swap/t4/demo_1 success=False referent=True grasped=akita_black_bowl_2 frame_err=1.2823
swap/t4/demo_2 success=False referent=True grasped=akita_black_bowl_2 frame_err=0.9599
swap/t4/demo_3 success=False referent=True grasped=akita_black_bowl_2 frame_err=0.9147
swap/t4/demo_4 success=False referent=False grasped=akita_black_bowl_1 frame_err=1.9065
swap/t4/demo_5 success=False referent=False grasped=akita_black_bowl_1 frame_err=2.8029
swap/t4/demo_6 success=False referent=False grasped=akita_black_bowl_1 frame_err=2.6439
swap/t4/demo_7 success=False referent=True grasped=akita_black_bowl_2 frame_err=1.8218
swap/t4/demo_8 success=False referent=False grasped=akita_black_bowl_1 frame_err=1.3537
swap/t4/demo_9 success=False referent=False grasped=akita_black_bowl_1 frame_err=1.3887
swap/t4/demo_10 success=False referent=False grasped=akita_black_bowl_1 frame_err=3.1621
swap/t4/demo_11 success=False referent=False grasped=akita_black_bowl_1 frame_err=1.0384
swap/t4/demo_13 success=False referent=False grasped=akita_black_bowl_1 frame_err=2.7016
swap/t4/demo_14 success=False referent=False grasped=akita_black_bowl_1 frame_err=1.8779
swap/t4/demo_15 success=False referent=False grasped=akita_black_bowl_1 frame_err=2.9828
swap/t4/demo_16 success=False referent=False grasped=akita_black_bowl_1 frame_err=0.9752
swap/t4/demo_18 success=False referent=False grasped=akita_black_bowl_1 frame_err=1.9313
swap/t4/demo_19 success=False referent=False grasped=akita_black_bowl_1 frame_err=0.9804
swap/t4/demo_20 success=False referent=False grasped=akita_black_bowl_1 frame_err=2.1192
swap/t4/demo_21 success=False referent=False grasped=akita_black_bowl_1 frame_err=2.1638
swap/t4/demo_22 success=False referent=False grasped=akita_black_bowl_1 frame_err=2.1496
swap/t5/demo_0 success=False referent=False grasped=akita_black_bowl_1 frame_err=2.3241
swap/t5/demo_1 success=False referent=False grasped=akita_black_bowl_1 frame_err=1.7551
swap/t5/demo_4 success=False referent=False grasped=akita_black_bowl_1 frame_err=1.3133
swap/t5/demo_5 success=False referent=False grasped=akita_black_bowl_1 frame_err=2.5862
swap/t5/demo_6 success=False referent=False grasped=akita_black_bowl_1 frame_err=2.2391
swap/t5/demo_7 success=False referent=False grasped=akita_black_bowl_1 frame_err=1.7306
swap/t5/demo_8 success=False referent=False grasped=akita_black_bowl_1 frame_err=2.1817
swap/t5/demo_9 success=False referent=False grasped=akita_black_bowl_1 frame_err=1.8521
swap/t5/demo_10 success=False referent=False grasped=akita_black_bowl_1 frame_err=1.1096
swap/t5/demo_11 success=False referent=False grasped=akita_black_bowl_1 frame_err=1.7286
swap/t5/demo_12 success=False referent=False grasped=akita_black_bowl_1 frame_err=1.8806
swap/t5/demo_13 success=False referent=False grasped=akita_black_bowl_1 frame_err=2.8000
swap/t5/demo_14 success=False referent=False grasped=akita_black_bowl_1 frame_err=2.1941
swap/t5/demo_15 success=False referent=False grasped=akita_black_bowl_1 frame_err=3.3256
swap/t5/demo_16 success=False referent=False grasped=akita_black_bowl_1 frame_err=2.2544
swap/t5/demo_17 success=False referent=False grasped=akita_black_bowl_1 frame_err=1.3854
swap/t5/demo_18 success=False referent=False grasped=akita_black_bowl_1 frame_err=1.8006
swap/t5/demo_19 success=False referent=False grasped=akita_black_bowl_1 frame_err=2.4302
swap/t5/demo_20 success=False referent=False grasped=akita_black_bowl_1 frame_err=1.3559
swap/t5/demo_21 success=False referent=False grasped=akita_black_bowl_1 frame_err=2.9950
swap/t6/demo_0 success=False referent=True grasped=akita_black_bowl_2 frame_err=2.4097
swap/t6/demo_1 success=False referent=True grasped=akita_black_bowl_2 frame_err=2.7646
swap/t6/demo_2 success=False referent=True grasped=akita_black_bowl_2 frame_err=1.5226
swap/t6/demo_5 success=False referent=False grasped=akita_black_bowl_1 frame_err=2.2825
swap/t6/demo_6 success=False referent=True grasped=akita_black_bowl_2 frame_err=2.8756
swap/t6/demo_7 success=False referent=True grasped=akita_black_bowl_2 frame_err=1.7178
swap/t6/demo_8 success=False referent=True grasped=akita_black_bowl_2 frame_err=1.5310
swap/t6/demo_9 success=False referent=False grasped=akita_black_bowl_1 frame_err=0.8743
swap/t6/demo_10 success=False referent=True grasped=akita_black_bowl_2 frame_err=1.8845
swap/t6/demo_12 success=False referent=True grasped=akita_black_bowl_2 frame_err=1.1609
swap/t6/demo_13 success=False referent=True grasped=akita_black_bowl_2 frame_err=1.1395
swap/t6/demo_14 success=False referent=True grasped=akita_black_bowl_2 frame_err=1.7813
swap/t6/demo_15 success=False referent=True grasped=akita_black_bowl_2 frame_err=1.0307
swap/t6/demo_16 success=False referent=True grasped=akita_black_bowl_2 frame_err=1.3375
swap/t6/demo_17 success=False referent=True grasped=akita_black_bowl_2 frame_err=2.9223
swap/t6/demo_18 success=False referent=True grasped=akita_black_bowl_2 frame_err=2.5798
swap/t6/demo_19 success=False referent=False grasped=akita_black_bowl_1 frame_err=2.1055
swap/t6/demo_22 success=False referent=True grasped=akita_black_bowl_2 frame_err=1.4273
swap/t6/demo_23 success=False referent=False grasped=akita_black_bowl_1 frame_err=3.0172
swap/t6/demo_25 success=False referent=True grasped=akita_black_bowl_2 frame_err=2.0473
{
  "swap|ALL": {
    "n": 80,
    "success": 0.0,
    "referent_success": 0.25,
    "wrong_bowl": 0.7375,
    "grasped_any": 0.9875
  },
  "swap|t3": {
    "n": 20,
    "success": 0.0,
    "referent_success": 0.0,
    "wrong_bowl": 0.95,
    "grasped_any": 0.95
  },
  "swap|t4": {
    "n": 20,
    "success": 0.0,
    "referent_success": 0.2,
    "wrong_bowl": 0.8,
    "grasped_any": 1.0
  },
  "swap|t5": {
    "n": 20,
    "success": 0.0,
    "referent_success": 0.0,
    "wrong_bowl": 1.0,
    "grasped_any": 1.0
  },
  "swap|t6": {
    "n": 20,
    "success": 0.0,
    "referent_success": 0.8,
    "wrong_bowl": 0.2,
    "grasped_any": 1.0
  }
}
wrote /workspace/SketchPromptVLA-Pi/outputs/v7_paired_step2999_chunk04_swap_t3_t6.json
