2026-09-01 11:43:22.681502: E external/local_xla/xla/stream_executor/cuda/cuda_dnn.cc:9261] Unable to register cuDNN factory: Attempting to register factory for plugin cuDNN when one has already been registered
2026-09-01 11:43:22.682463: E external/local_xla/xla/stream_executor/cuda/cuda_fft.cc:607] Unable to register cuFFT factory: Attempting to register factory for plugin cuFFT when one has already been registered
2026-09-01 11:43:22.863683: E external/local_xla/xla/stream_executor/cuda/cuda_blas.cc:1515] Unable to register cuBLAS factory: Attempting to register factory for plugin cuBLAS when one has already been registered
2026-09-01 11:43:29.529995: W tensorflow/compiler/tf2tensorrt/utils/py_utils.cc:38] TF-TRT Warning: Could not find TensorRT
INFO:openpi.shared.download:Downloading gs://openpi-assets/checkpoints/pi05_libero to /root/.cache/openpi/openpi-assets/checkpoints/pi05_libero
WARNING:openpi.shared.download:gsutil not found, falling back to gcsfs. This may fail if GCP credentials are not configured correctly.
INFO:tqdm_loggable.tqdm_logging:Progress on: -/12439085481 rate:- remaining:? elapsed:00:00 postfix:-
INFO:tqdm_loggable.tqdm_logging:Progress on: 4.11GiB/11.6GiB rate:412,362,274.1iB/s remaining:00:19 elapsed:00:10 postfix:-
INFO:tqdm_loggable.tqdm_logging:Progress on: 7.59GiB/11.6GiB rate:319,749,780.0iB/s remaining:00:13 elapsed:00:20 postfix:-
INFO:tqdm_loggable.tqdm_logging:Progress on: 10.1GiB/11.6GiB rate:251,253,601.0iB/s remaining:00:06 elapsed:00:30 postfix:-
INFO:tqdm_loggable.tqdm_logging:Progress on: 11.1GiB/11.6GiB rate:65,590,867.6iB/s remaining:00:08 elapsed:00:40 postfix:-
INFO:tqdm_loggable.tqdm_logging:Progress on: 11.6GiB/11.6GiB rate:60,667,256.2iB/s remaining:00:00 elapsed:00:50 postfix:-
INFO:root:Loading model...
INFO:2026-09-01 11:44:58,086:jax._src.xla_bridge:925: Unable to initialize backend 'rocm': module 'jaxlib.xla_extension' has no attribute 'GpuAllocatorConfig'
INFO:jax._src.xla_bridge:Unable to initialize backend 'rocm': module 'jaxlib.xla_extension' has no attribute 'GpuAllocatorConfig'
INFO:2026-09-01 11:44:58,110:jax._src.xla_bridge:925: Unable to initialize backend 'tpu': INTERNAL: Failed to open libtpu.so: libtpu.so: cannot open shared object file: No such file or directory
INFO:jax._src.xla_bridge:Unable to initialize backend 'tpu': INTERNAL: Failed to open libtpu.so: libtpu.so: cannot open shared object file: No such file or directory
INFO:absl:orbax-checkpoint version: 0.11.13
INFO:absl:Created BasePyTreeCheckpointHandler: use_ocdbt=True, use_zarr3=False, pytree_metadata_options=PyTreeMetadataOptions(support_rich_types=False), array_metadata_store=<orbax.checkpoint._src.metadata.array_metadata_store.Store object at 0x7a6f86178b90>
INFO:absl:Restoring checkpoint from /root/.cache/openpi/openpi-assets/checkpoints/pi05_libero/params.
INFO:absl:[thread=MainThread] Failed to get flag value for EXPERIMENTAL_ORBAX_USE_DISTRIBUTED_PROCESS_ID.
INFO:absl:[process=0] /jax/checkpoint/read/bytes_per_sec: 835.4 MiB/s (total bytes: 6.2 GiB) (time elapsed: 7 seconds) (per-host)
INFO:absl:Finished restoring checkpoint in 7.66 seconds from /root/.cache/openpi/openpi-assets/checkpoints/pi05_libero/params.
INFO:openpi.shared.download:Downloading gs://big_vision/paligemma_tokenizer.model to /root/.cache/openpi/big_vision/paligemma_tokenizer.model
INFO:tqdm_loggable.tqdm_logging:Progress on: -/4264023 rate:- remaining:? elapsed:00:00 postfix:-
INFO:tqdm_loggable.tqdm_logging:Progress on: 4.07MiB/4.07MiB rate:4,261,211.9iB/s remaining:00:00 elapsed:00:01 postfix:-
INFO:root:Norm stats not found in /workspace/SketchPromptVLA-Pi/assets/pi05_libero/physical-intelligence/libero, skipping.
INFO:root:Loaded norm stats from /root/.cache/openpi/openpi-assets/checkpoints/pi05_libero/assets/physical-intelligence/libero
INFO:root:Creating server (host: 51228d03beb9, ip: 172.19.0.2)
INFO:websockets.server:server listening on 0.0.0.0:8000
INFO:websockets.server:connection rejected (426 Upgrade Required)
ERROR:websockets.server:opening handshake failed
Traceback (most recent call last):
  File "/workspace/SketchPromptVLA-Pi/.venv/lib/python3.11/site-packages/websockets/asyncio/server.py", line 356, in conn_handler
    await connection.handshake(
  File "/workspace/SketchPromptVLA-Pi/.venv/lib/python3.11/site-packages/websockets/asyncio/server.py", line 207, in handshake
    raise self.protocol.handshake_exc
  File "/workspace/SketchPromptVLA-Pi/.venv/lib/python3.11/site-packages/websockets/server.py", line 138, in accept
    ) = self.process_request(request)
        ^^^^^^^^^^^^^^^^^^^^^^^^^^^^^
  File "/workspace/SketchPromptVLA-Pi/.venv/lib/python3.11/site-packages/websockets/server.py", line 233, in process_request
    raise InvalidUpgrade(
websockets.exceptions.InvalidUpgrade: missing Connection header
INFO:websockets.server:connection rejected (426 Upgrade Required)
ERROR:websockets.server:opening handshake failed
Traceback (most recent call last):
  File "/workspace/SketchPromptVLA-Pi/.venv/lib/python3.11/site-packages/websockets/asyncio/server.py", line 356, in conn_handler
    await connection.handshake(
  File "/workspace/SketchPromptVLA-Pi/.venv/lib/python3.11/site-packages/websockets/asyncio/server.py", line 207, in handshake
    raise self.protocol.handshake_exc
  File "/workspace/SketchPromptVLA-Pi/.venv/lib/python3.11/site-packages/websockets/server.py", line 138, in accept
    ) = self.process_request(request)
        ^^^^^^^^^^^^^^^^^^^^^^^^^^^^^
  File "/workspace/SketchPromptVLA-Pi/.venv/lib/python3.11/site-packages/websockets/server.py", line 233, in process_request
    raise InvalidUpgrade(
websockets.exceptions.InvalidUpgrade: missing Connection header
INFO:websockets.server:connection rejected (426 Upgrade Required)
ERROR:websockets.server:opening handshake failed
Traceback (most recent call last):
  File "/workspace/SketchPromptVLA-Pi/.venv/lib/python3.11/site-packages/websockets/asyncio/server.py", line 356, in conn_handler
    await connection.handshake(
  File "/workspace/SketchPromptVLA-Pi/.venv/lib/python3.11/site-packages/websockets/asyncio/server.py", line 207, in handshake
    raise self.protocol.handshake_exc
  File "/workspace/SketchPromptVLA-Pi/.venv/lib/python3.11/site-packages/websockets/server.py", line 138, in accept
    ) = self.process_request(request)
        ^^^^^^^^^^^^^^^^^^^^^^^^^^^^^
  File "/workspace/SketchPromptVLA-Pi/.venv/lib/python3.11/site-packages/websockets/server.py", line 233, in process_request
    raise InvalidUpgrade(
websockets.exceptions.InvalidUpgrade: missing Connection header
INFO:websockets.server:connection rejected (426 Upgrade Required)
ERROR:websockets.server:opening handshake failed
Traceback (most recent call last):
  File "/workspace/SketchPromptVLA-Pi/.venv/lib/python3.11/site-packages/websockets/asyncio/server.py", line 356, in conn_handler
    await connection.handshake(
  File "/workspace/SketchPromptVLA-Pi/.venv/lib/python3.11/site-packages/websockets/asyncio/server.py", line 207, in handshake
    raise self.protocol.handshake_exc
  File "/workspace/SketchPromptVLA-Pi/.venv/lib/python3.11/site-packages/websockets/server.py", line 138, in accept
    ) = self.process_request(request)
        ^^^^^^^^^^^^^^^^^^^^^^^^^^^^^
  File "/workspace/SketchPromptVLA-Pi/.venv/lib/python3.11/site-packages/websockets/server.py", line 233, in process_request
    raise InvalidUpgrade(
websockets.exceptions.InvalidUpgrade: missing Connection header
INFO:websockets.server:connection rejected (426 Upgrade Required)
ERROR:websockets.server:opening handshake failed
Traceback (most recent call last):
  File "/workspace/SketchPromptVLA-Pi/.venv/lib/python3.11/site-packages/websockets/asyncio/server.py", line 356, in conn_handler
    await connection.handshake(
  File "/workspace/SketchPromptVLA-Pi/.venv/lib/python3.11/site-packages/websockets/asyncio/server.py", line 207, in handshake
    raise self.protocol.handshake_exc
  File "/workspace/SketchPromptVLA-Pi/.venv/lib/python3.11/site-packages/websockets/server.py", line 138, in accept
    ) = self.process_request(request)
        ^^^^^^^^^^^^^^^^^^^^^^^^^^^^^
  File "/workspace/SketchPromptVLA-Pi/.venv/lib/python3.11/site-packages/websockets/server.py", line 233, in process_request
    raise InvalidUpgrade(
websockets.exceptions.InvalidUpgrade: missing Connection header
INFO:websockets.server:connection rejected (426 Upgrade Required)
ERROR:websockets.server:opening handshake failed
Traceback (most recent call last):
  File "/workspace/SketchPromptVLA-Pi/.venv/lib/python3.11/site-packages/websockets/asyncio/server.py", line 356, in conn_handler
    await connection.handshake(
  File "/workspace/SketchPromptVLA-Pi/.venv/lib/python3.11/site-packages/websockets/asyncio/server.py", line 207, in handshake
    raise self.protocol.handshake_exc
  File "/workspace/SketchPromptVLA-Pi/.venv/lib/python3.11/site-packages/websockets/server.py", line 138, in accept
    ) = self.process_request(request)
        ^^^^^^^^^^^^^^^^^^^^^^^^^^^^^
  File "/workspace/SketchPromptVLA-Pi/.venv/lib/python3.11/site-packages/websockets/server.py", line 233, in process_request
    raise InvalidUpgrade(
websockets.exceptions.InvalidUpgrade: missing Connection header
INFO:websockets.server:connection rejected (426 Upgrade Required)
ERROR:websockets.server:opening handshake failed
Traceback (most recent call last):
  File "/workspace/SketchPromptVLA-Pi/.venv/lib/python3.11/site-packages/websockets/asyncio/server.py", line 356, in conn_handler
    await connection.handshake(
  File "/workspace/SketchPromptVLA-Pi/.venv/lib/python3.11/site-packages/websockets/asyncio/server.py", line 207, in handshake
    raise self.protocol.handshake_exc
  File "/workspace/SketchPromptVLA-Pi/.venv/lib/python3.11/site-packages/websockets/server.py", line 138, in accept
    ) = self.process_request(request)
        ^^^^^^^^^^^^^^^^^^^^^^^^^^^^^
  File "/workspace/SketchPromptVLA-Pi/.venv/lib/python3.11/site-packages/websockets/server.py", line 233, in process_request
    raise InvalidUpgrade(
websockets.exceptions.InvalidUpgrade: missing Connection header
INFO:websockets.server:connection rejected (426 Upgrade Required)
ERROR:websockets.server:opening handshake failed
Traceback (most recent call last):
  File "/workspace/SketchPromptVLA-Pi/.venv/lib/python3.11/site-packages/websockets/asyncio/server.py", line 356, in conn_handler
    await connection.handshake(
  File "/workspace/SketchPromptVLA-Pi/.venv/lib/python3.11/site-packages/websockets/asyncio/server.py", line 207, in handshake
    raise self.protocol.handshake_exc
  File "/workspace/SketchPromptVLA-Pi/.venv/lib/python3.11/site-packages/websockets/server.py", line 138, in accept
    ) = self.process_request(request)
        ^^^^^^^^^^^^^^^^^^^^^^^^^^^^^
  File "/workspace/SketchPromptVLA-Pi/.venv/lib/python3.11/site-packages/websockets/server.py", line 233, in process_request
    raise InvalidUpgrade(
websockets.exceptions.InvalidUpgrade: missing Connection header
INFO:websockets.server:connection rejected (426 Upgrade Required)
ERROR:websockets.server:opening handshake failed
Traceback (most recent call last):
  File "/workspace/SketchPromptVLA-Pi/.venv/lib/python3.11/site-packages/websockets/asyncio/server.py", line 356, in conn_handler
    await connection.handshake(
  File "/workspace/SketchPromptVLA-Pi/.venv/lib/python3.11/site-packages/websockets/asyncio/server.py", line 207, in handshake
    raise self.protocol.handshake_exc
  File "/workspace/SketchPromptVLA-Pi/.venv/lib/python3.11/site-packages/websockets/server.py", line 138, in accept
    ) = self.process_request(request)
        ^^^^^^^^^^^^^^^^^^^^^^^^^^^^^
  File "/workspace/SketchPromptVLA-Pi/.venv/lib/python3.11/site-packages/websockets/server.py", line 233, in process_request
    raise InvalidUpgrade(
websockets.exceptions.InvalidUpgrade: missing Connection header
INFO:websockets.server:connection rejected (426 Upgrade Required)
ERROR:websockets.server:opening handshake failed
Traceback (most recent call last):
  File "/workspace/SketchPromptVLA-Pi/.venv/lib/python3.11/site-packages/websockets/asyncio/server.py", line 356, in conn_handler
    await connection.handshake(
  File "/workspace/SketchPromptVLA-Pi/.venv/lib/python3.11/site-packages/websockets/asyncio/server.py", line 207, in handshake
    raise self.protocol.handshake_exc
  File "/workspace/SketchPromptVLA-Pi/.venv/lib/python3.11/site-packages/websockets/server.py", line 138, in accept
    ) = self.process_request(request)
        ^^^^^^^^^^^^^^^^^^^^^^^^^^^^^
  File "/workspace/SketchPromptVLA-Pi/.venv/lib/python3.11/site-packages/websockets/server.py", line 233, in process_request
    raise InvalidUpgrade(
websockets.exceptions.InvalidUpgrade: missing Connection header
INFO:websockets.server:connection rejected (426 Upgrade Required)
ERROR:websockets.server:opening handshake failed
Traceback (most recent call last):
  File "/workspace/SketchPromptVLA-Pi/.venv/lib/python3.11/site-packages/websockets/asyncio/server.py", line 356, in conn_handler
    await connection.handshake(
  File "/workspace/SketchPromptVLA-Pi/.venv/lib/python3.11/site-packages/websockets/asyncio/server.py", line 207, in handshake
    raise self.protocol.handshake_exc
  File "/workspace/SketchPromptVLA-Pi/.venv/lib/python3.11/site-packages/websockets/server.py", line 138, in accept
    ) = self.process_request(request)
        ^^^^^^^^^^^^^^^^^^^^^^^^^^^^^
  File "/workspace/SketchPromptVLA-Pi/.venv/lib/python3.11/site-packages/websockets/server.py", line 233, in process_request
    raise InvalidUpgrade(
websockets.exceptions.InvalidUpgrade: missing Connection header
INFO:websockets.server:connection rejected (426 Upgrade Required)
ERROR:websockets.server:opening handshake failed
Traceback (most recent call last):
  File "/workspace/SketchPromptVLA-Pi/.venv/lib/python3.11/site-packages/websockets/asyncio/server.py", line 356, in conn_handler
    await connection.handshake(
  File "/workspace/SketchPromptVLA-Pi/.venv/lib/python3.11/site-packages/websockets/asyncio/server.py", line 207, in handshake
    raise self.protocol.handshake_exc
  File "/workspace/SketchPromptVLA-Pi/.venv/lib/python3.11/site-packages/websockets/server.py", line 138, in accept
    ) = self.process_request(request)
        ^^^^^^^^^^^^^^^^^^^^^^^^^^^^^
  File "/workspace/SketchPromptVLA-Pi/.venv/lib/python3.11/site-packages/websockets/server.py", line 233, in process_request
    raise InvalidUpgrade(
websockets.exceptions.InvalidUpgrade: missing Connection header
INFO:websockets.server:connection rejected (426 Upgrade Required)
ERROR:websockets.server:opening handshake failed
Traceback (most recent call last):
  File "/workspace/SketchPromptVLA-Pi/.venv/lib/python3.11/site-packages/websockets/asyncio/server.py", line 356, in conn_handler
    await connection.handshake(
  File "/workspace/SketchPromptVLA-Pi/.venv/lib/python3.11/site-packages/websockets/asyncio/server.py", line 207, in handshake
    raise self.protocol.handshake_exc
  File "/workspace/SketchPromptVLA-Pi/.venv/lib/python3.11/site-packages/websockets/server.py", line 138, in accept
    ) = self.process_request(request)
        ^^^^^^^^^^^^^^^^^^^^^^^^^^^^^
  File "/workspace/SketchPromptVLA-Pi/.venv/lib/python3.11/site-packages/websockets/server.py", line 233, in process_request
    raise InvalidUpgrade(
websockets.exceptions.InvalidUpgrade: missing Connection header
INFO:websockets.server:connection rejected (426 Upgrade Required)
ERROR:websockets.server:opening handshake failed
Traceback (most recent call last):
  File "/workspace/SketchPromptVLA-Pi/.venv/lib/python3.11/site-packages/websockets/asyncio/server.py", line 356, in conn_handler
    await connection.handshake(
  File "/workspace/SketchPromptVLA-Pi/.venv/lib/python3.11/site-packages/websockets/asyncio/server.py", line 207, in handshake
    raise self.protocol.handshake_exc
  File "/workspace/SketchPromptVLA-Pi/.venv/lib/python3.11/site-packages/websockets/server.py", line 138, in accept
    ) = self.process_request(request)
        ^^^^^^^^^^^^^^^^^^^^^^^^^^^^^
  File "/workspace/SketchPromptVLA-Pi/.venv/lib/python3.11/site-packages/websockets/server.py", line 233, in process_request
    raise InvalidUpgrade(
websockets.exceptions.InvalidUpgrade: missing Connection header
INFO:websockets.server:connection rejected (426 Upgrade Required)
ERROR:websockets.server:opening handshake failed
Traceback (most recent call last):
  File "/workspace/SketchPromptVLA-Pi/.venv/lib/python3.11/site-packages/websockets/asyncio/server.py", line 356, in conn_handler
    await connection.handshake(
  File "/workspace/SketchPromptVLA-Pi/.venv/lib/python3.11/site-packages/websockets/asyncio/server.py", line 207, in handshake
    raise self.protocol.handshake_exc
  File "/workspace/SketchPromptVLA-Pi/.venv/lib/python3.11/site-packages/websockets/server.py", line 138, in accept
    ) = self.process_request(request)
        ^^^^^^^^^^^^^^^^^^^^^^^^^^^^^
  File "/workspace/SketchPromptVLA-Pi/.venv/lib/python3.11/site-packages/websockets/server.py", line 233, in process_request
    raise InvalidUpgrade(
websockets.exceptions.InvalidUpgrade: missing Connection header
INFO:websockets.server:connection rejected (426 Upgrade Required)
ERROR:websockets.server:opening handshake failed
Traceback (most recent call last):
  File "/workspace/SketchPromptVLA-Pi/.venv/lib/python3.11/site-packages/websockets/asyncio/server.py", line 356, in conn_handler
    await connection.handshake(
  File "/workspace/SketchPromptVLA-Pi/.venv/lib/python3.11/site-packages/websockets/asyncio/server.py", line 207, in handshake
    raise self.protocol.handshake_exc
  File "/workspace/SketchPromptVLA-Pi/.venv/lib/python3.11/site-packages/websockets/server.py", line 138, in accept
    ) = self.process_request(request)
        ^^^^^^^^^^^^^^^^^^^^^^^^^^^^^
  File "/workspace/SketchPromptVLA-Pi/.venv/lib/python3.11/site-packages/websockets/server.py", line 233, in process_request
    raise InvalidUpgrade(
websockets.exceptions.InvalidUpgrade: missing Connection header
INFO:websockets.server:connection rejected (426 Upgrade Required)
ERROR:websockets.server:opening handshake failed
Traceback (most recent call last):
  File "/workspace/SketchPromptVLA-Pi/.venv/lib/python3.11/site-packages/websockets/asyncio/server.py", line 356, in conn_handler
    await connection.handshake(
  File "/workspace/SketchPromptVLA-Pi/.venv/lib/python3.11/site-packages/websockets/asyncio/server.py", line 207, in handshake
    raise self.protocol.handshake_exc
  File "/workspace/SketchPromptVLA-Pi/.venv/lib/python3.11/site-packages/websockets/server.py", line 138, in accept
    ) = self.process_request(request)
        ^^^^^^^^^^^^^^^^^^^^^^^^^^^^^
  File "/workspace/SketchPromptVLA-Pi/.venv/lib/python3.11/site-packages/websockets/server.py", line 233, in process_request
    raise InvalidUpgrade(
websockets.exceptions.InvalidUpgrade: missing Connection header
INFO:websockets.server:connection rejected (426 Upgrade Required)
ERROR:websockets.server:opening handshake failed
Traceback (most recent call last):
  File "/workspace/SketchPromptVLA-Pi/.venv/lib/python3.11/site-packages/websockets/asyncio/server.py", line 356, in conn_handler
    await connection.handshake(
  File "/workspace/SketchPromptVLA-Pi/.venv/lib/python3.11/site-packages/websockets/asyncio/server.py", line 207, in handshake
    raise self.protocol.handshake_exc
  File "/workspace/SketchPromptVLA-Pi/.venv/lib/python3.11/site-packages/websockets/server.py", line 138, in accept
    ) = self.process_request(request)
        ^^^^^^^^^^^^^^^^^^^^^^^^^^^^^
  File "/workspace/SketchPromptVLA-Pi/.venv/lib/python3.11/site-packages/websockets/server.py", line 233, in process_request
    raise InvalidUpgrade(
websockets.exceptions.InvalidUpgrade: missing Connection header
INFO:websockets.server:connection rejected (426 Upgrade Required)
ERROR:websockets.server:opening handshake failed
Traceback (most recent call last):
  File "/workspace/SketchPromptVLA-Pi/.venv/lib/python3.11/site-packages/websockets/asyncio/server.py", line 356, in conn_handler
    await connection.handshake(
  File "/workspace/SketchPromptVLA-Pi/.venv/lib/python3.11/site-packages/websockets/asyncio/server.py", line 207, in handshake
    raise self.protocol.handshake_exc
  File "/workspace/SketchPromptVLA-Pi/.venv/lib/python3.11/site-packages/websockets/server.py", line 138, in accept
    ) = self.process_request(request)
        ^^^^^^^^^^^^^^^^^^^^^^^^^^^^^
  File "/workspace/SketchPromptVLA-Pi/.venv/lib/python3.11/site-packages/websockets/server.py", line 233, in process_request
    raise InvalidUpgrade(
websockets.exceptions.InvalidUpgrade: missing Connection header
INFO:websockets.server:connection rejected (426 Upgrade Required)
ERROR:websockets.server:opening handshake failed
Traceback (most recent call last):
  File "/workspace/SketchPromptVLA-Pi/.venv/lib/python3.11/site-packages/websockets/asyncio/server.py", line 356, in conn_handler
    await connection.handshake(
  File "/workspace/SketchPromptVLA-Pi/.venv/lib/python3.11/site-packages/websockets/asyncio/server.py", line 207, in handshake
    raise self.protocol.handshake_exc
  File "/workspace/SketchPromptVLA-Pi/.venv/lib/python3.11/site-packages/websockets/server.py", line 138, in accept
    ) = self.process_request(request)
        ^^^^^^^^^^^^^^^^^^^^^^^^^^^^^
  File "/workspace/SketchPromptVLA-Pi/.venv/lib/python3.11/site-packages/websockets/server.py", line 233, in process_request
    raise InvalidUpgrade(
websockets.exceptions.InvalidUpgrade: missing Connection header
INFO:websockets.server:connection rejected (426 Upgrade Required)
ERROR:websockets.server:opening handshake failed
Traceback (most recent call last):
  File "/workspace/SketchPromptVLA-Pi/.venv/lib/python3.11/site-packages/websockets/asyncio/server.py", line 356, in conn_handler
    await connection.handshake(
  File "/workspace/SketchPromptVLA-Pi/.venv/lib/python3.11/site-packages/websockets/asyncio/server.py", line 207, in handshake
    raise self.protocol.handshake_exc
  File "/workspace/SketchPromptVLA-Pi/.venv/lib/python3.11/site-packages/websockets/server.py", line 138, in accept
    ) = self.process_request(request)
        ^^^^^^^^^^^^^^^^^^^^^^^^^^^^^
  File "/workspace/SketchPromptVLA-Pi/.venv/lib/python3.11/site-packages/websockets/server.py", line 233, in process_request
    raise InvalidUpgrade(
websockets.exceptions.InvalidUpgrade: missing Connection header
INFO:websockets.server:connection rejected (426 Upgrade Required)
ERROR:websockets.server:opening handshake failed
Traceback (most recent call last):
  File "/workspace/SketchPromptVLA-Pi/.venv/lib/python3.11/site-packages/websockets/asyncio/server.py", line 356, in conn_handler
    await connection.handshake(
  File "/workspace/SketchPromptVLA-Pi/.venv/lib/python3.11/site-packages/websockets/asyncio/server.py", line 207, in handshake
    raise self.protocol.handshake_exc
  File "/workspace/SketchPromptVLA-Pi/.venv/lib/python3.11/site-packages/websockets/server.py", line 138, in accept
    ) = self.process_request(request)
        ^^^^^^^^^^^^^^^^^^^^^^^^^^^^^
  File "/workspace/SketchPromptVLA-Pi/.venv/lib/python3.11/site-packages/websockets/server.py", line 233, in process_request
    raise InvalidUpgrade(
websockets.exceptions.InvalidUpgrade: missing Connection header
INFO:websockets.server:connection rejected (426 Upgrade Required)
ERROR:websockets.server:opening handshake failed
Traceback (most recent call last):
  File "/workspace/SketchPromptVLA-Pi/.venv/lib/python3.11/site-packages/websockets/asyncio/server.py", line 356, in conn_handler
    await connection.handshake(
  File "/workspace/SketchPromptVLA-Pi/.venv/lib/python3.11/site-packages/websockets/asyncio/server.py", line 207, in handshake
    raise self.protocol.handshake_exc
  File "/workspace/SketchPromptVLA-Pi/.venv/lib/python3.11/site-packages/websockets/server.py", line 138, in accept
    ) = self.process_request(request)
        ^^^^^^^^^^^^^^^^^^^^^^^^^^^^^
  File "/workspace/SketchPromptVLA-Pi/.venv/lib/python3.11/site-packages/websockets/server.py", line 233, in process_request
    raise InvalidUpgrade(
websockets.exceptions.InvalidUpgrade: missing Connection header
INFO:websockets.server:connection rejected (426 Upgrade Required)
ERROR:websockets.server:opening handshake failed
Traceback (most recent call last):
  File "/workspace/SketchPromptVLA-Pi/.venv/lib/python3.11/site-packages/websockets/asyncio/server.py", line 356, in conn_handler
    await connection.handshake(
  File "/workspace/SketchPromptVLA-Pi/.venv/lib/python3.11/site-packages/websockets/asyncio/server.py", line 207, in handshake
    raise self.protocol.handshake_exc
  File "/workspace/SketchPromptVLA-Pi/.venv/lib/python3.11/site-packages/websockets/server.py", line 138, in accept
    ) = self.process_request(request)
        ^^^^^^^^^^^^^^^^^^^^^^^^^^^^^
  File "/workspace/SketchPromptVLA-Pi/.venv/lib/python3.11/site-packages/websockets/server.py", line 233, in process_request
    raise InvalidUpgrade(
websockets.exceptions.InvalidUpgrade: missing Connection header
INFO:websockets.server:connection rejected (426 Upgrade Required)
ERROR:websockets.server:opening handshake failed
Traceback (most recent call last):
  File "/workspace/SketchPromptVLA-Pi/.venv/lib/python3.11/site-packages/websockets/asyncio/server.py", line 356, in conn_handler
    await connection.handshake(
  File "/workspace/SketchPromptVLA-Pi/.venv/lib/python3.11/site-packages/websockets/asyncio/server.py", line 207, in handshake
    raise self.protocol.handshake_exc
  File "/workspace/SketchPromptVLA-Pi/.venv/lib/python3.11/site-packages/websockets/server.py", line 138, in accept
    ) = self.process_request(request)
        ^^^^^^^^^^^^^^^^^^^^^^^^^^^^^
  File "/workspace/SketchPromptVLA-Pi/.venv/lib/python3.11/site-packages/websockets/server.py", line 233, in process_request
    raise InvalidUpgrade(
websockets.exceptions.InvalidUpgrade: missing Connection header
INFO:websockets.server:connection rejected (426 Upgrade Required)
ERROR:websockets.server:opening handshake failed
Traceback (most recent call last):
  File "/workspace/SketchPromptVLA-Pi/.venv/lib/python3.11/site-packages/websockets/asyncio/server.py", line 356, in conn_handler
    await connection.handshake(
  File "/workspace/SketchPromptVLA-Pi/.venv/lib/python3.11/site-packages/websockets/asyncio/server.py", line 207, in handshake
    raise self.protocol.handshake_exc
  File "/workspace/SketchPromptVLA-Pi/.venv/lib/python3.11/site-packages/websockets/server.py", line 138, in accept
    ) = self.process_request(request)
        ^^^^^^^^^^^^^^^^^^^^^^^^^^^^^
  File "/workspace/SketchPromptVLA-Pi/.venv/lib/python3.11/site-packages/websockets/server.py", line 233, in process_request
    raise InvalidUpgrade(
websockets.exceptions.InvalidUpgrade: missing Connection header
INFO:websockets.server:connection rejected (426 Upgrade Required)
ERROR:websockets.server:opening handshake failed
Traceback (most recent call last):
  File "/workspace/SketchPromptVLA-Pi/.venv/lib/python3.11/site-packages/websockets/asyncio/server.py", line 356, in conn_handler
    await connection.handshake(
  File "/workspace/SketchPromptVLA-Pi/.venv/lib/python3.11/site-packages/websockets/asyncio/server.py", line 207, in handshake
    raise self.protocol.handshake_exc
  File "/workspace/SketchPromptVLA-Pi/.venv/lib/python3.11/site-packages/websockets/server.py", line 138, in accept
    ) = self.process_request(request)
        ^^^^^^^^^^^^^^^^^^^^^^^^^^^^^
  File "/workspace/SketchPromptVLA-Pi/.venv/lib/python3.11/site-packages/websockets/server.py", line 233, in process_request
    raise InvalidUpgrade(
websockets.exceptions.InvalidUpgrade: missing Connection header
INFO:websockets.server:connection rejected (426 Upgrade Required)
ERROR:websockets.server:opening handshake failed
Traceback (most recent call last):
  File "/workspace/SketchPromptVLA-Pi/.venv/lib/python3.11/site-packages/websockets/asyncio/server.py", line 356, in conn_handler
    await connection.handshake(
  File "/workspace/SketchPromptVLA-Pi/.venv/lib/python3.11/site-packages/websockets/asyncio/server.py", line 207, in handshake
    raise self.protocol.handshake_exc
  File "/workspace/SketchPromptVLA-Pi/.venv/lib/python3.11/site-packages/websockets/server.py", line 138, in accept
    ) = self.process_request(request)
        ^^^^^^^^^^^^^^^^^^^^^^^^^^^^^
  File "/workspace/SketchPromptVLA-Pi/.venv/lib/python3.11/site-packages/websockets/server.py", line 233, in process_request
    raise InvalidUpgrade(
websockets.exceptions.InvalidUpgrade: missing Connection header
INFO:websockets.server:connection rejected (426 Upgrade Required)
ERROR:websockets.server:opening handshake failed
Traceback (most recent call last):
  File "/workspace/SketchPromptVLA-Pi/.venv/lib/python3.11/site-packages/websockets/asyncio/server.py", line 356, in conn_handler
    await connection.handshake(
  File "/workspace/SketchPromptVLA-Pi/.venv/lib/python3.11/site-packages/websockets/asyncio/server.py", line 207, in handshake
    raise self.protocol.handshake_exc
  File "/workspace/SketchPromptVLA-Pi/.venv/lib/python3.11/site-packages/websockets/server.py", line 138, in accept
    ) = self.process_request(request)
        ^^^^^^^^^^^^^^^^^^^^^^^^^^^^^
  File "/workspace/SketchPromptVLA-Pi/.venv/lib/python3.11/site-packages/websockets/server.py", line 233, in process_request
    raise InvalidUpgrade(
websockets.exceptions.InvalidUpgrade: missing Connection header
INFO:websockets.server:connection open
INFO:openpi.serving.websocket_policy_server:Connection from ('127.0.0.1', 47340) opened
INFO:openpi.serving.websocket_policy_server:Connection from ('127.0.0.1', 47340) closed
INFO:websockets.server:connection open
INFO:openpi.serving.websocket_policy_server:Connection from ('127.0.0.1', 55666) opened
INFO:openpi.serving.websocket_policy_server:Connection from ('127.0.0.1', 55666) closed
INFO:websockets.server:connection open
INFO:openpi.serving.websocket_policy_server:Connection from ('127.0.0.1', 43536) opened
INFO:openpi.serving.websocket_policy_server:Connection from ('127.0.0.1', 43536) closed
INFO:websockets.server:connection open
INFO:openpi.serving.websocket_policy_server:Connection from ('127.0.0.1', 44342) opened
INFO:openpi.serving.websocket_policy_server:Connection from ('127.0.0.1', 44342) closed
INFO:websockets.server:connection open
INFO:openpi.serving.websocket_policy_server:Connection from ('127.0.0.1', 54522) opened
INFO:openpi.serving.websocket_policy_server:Connection from ('127.0.0.1', 54522) closed
INFO:websockets.server:connection open
INFO:openpi.serving.websocket_policy_server:Connection from ('127.0.0.1', 56670) opened
INFO:openpi.serving.websocket_policy_server:Connection from ('127.0.0.1', 56670) closed
INFO:websockets.server:connection open
INFO:openpi.serving.websocket_policy_server:Connection from ('127.0.0.1', 55290) opened
INFO:openpi.serving.websocket_policy_server:Connection from ('127.0.0.1', 55290) closed
INFO:websockets.server:connection open
INFO:openpi.serving.websocket_policy_server:Connection from ('127.0.0.1', 57674) opened
INFO:openpi.serving.websocket_policy_server:Connection from ('127.0.0.1', 57674) closed
INFO:websockets.server:connection open
INFO:openpi.serving.websocket_policy_server:Connection from ('127.0.0.1', 53530) opened
INFO:openpi.serving.websocket_policy_server:Connection from ('127.0.0.1', 53530) closed
INFO:websockets.server:connection open
INFO:openpi.serving.websocket_policy_server:Connection from ('127.0.0.1', 45556) opened
INFO:openpi.serving.websocket_policy_server:Connection from ('127.0.0.1', 45556) closed
INFO:websockets.server:connection open
INFO:openpi.serving.websocket_policy_server:Connection from ('127.0.0.1', 45802) opened
INFO:openpi.serving.websocket_policy_server:Connection from ('127.0.0.1', 45802) closed
INFO:websockets.server:connection open
INFO:openpi.serving.websocket_policy_server:Connection from ('127.0.0.1', 52952) opened
INFO:openpi.serving.websocket_policy_server:Connection from ('127.0.0.1', 52952) closed
INFO:websockets.server:connection open
INFO:openpi.serving.websocket_policy_server:Connection from ('127.0.0.1', 37630) opened
INFO:openpi.serving.websocket_policy_server:Connection from ('127.0.0.1', 37630) closed
INFO:websockets.server:connection open
INFO:openpi.serving.websocket_policy_server:Connection from ('127.0.0.1', 59114) opened
INFO:openpi.serving.websocket_policy_server:Connection from ('127.0.0.1', 59114) closed
INFO:websockets.server:connection open
INFO:openpi.serving.websocket_policy_server:Connection from ('127.0.0.1', 38678) opened
INFO:openpi.serving.websocket_policy_server:Connection from ('127.0.0.1', 38678) closed
INFO:websockets.server:connection open
INFO:openpi.serving.websocket_policy_server:Connection from ('127.0.0.1', 50934) opened
INFO:openpi.serving.websocket_policy_server:Connection from ('127.0.0.1', 50934) closed
INFO:websockets.server:connection open
INFO:openpi.serving.websocket_policy_server:Connection from ('127.0.0.1', 33924) opened
INFO:openpi.serving.websocket_policy_server:Connection from ('127.0.0.1', 33924) closed
