[robosuite WARNING] No private macro file found! (macros.py:53)
WARNING:robosuite_logs:No private macro file found!
[robosuite WARNING] It is recommended to use a private macro file (macros.py:54)
WARNING:robosuite_logs:It is recommended to use a private macro file
[robosuite WARNING] To setup, run: python /workspace/SketchPromptVLA-Pi/examples/libero/.venv/lib/python3.8/site-packages/robosuite/scripts/setup_macros.py (macros.py:55)
WARNING:robosuite_logs:To setup, run: python /workspace/SketchPromptVLA-Pi/examples/libero/.venv/lib/python3.8/site-packages/robosuite/scripts/setup_macros.py
/workspace/SketchPromptVLA-Pi/examples/libero/.venv/lib/python3.8/site-packages/numba/np/arraymath.py:3845: DeprecationWarning: `np.MachAr` is deprecated (NumPy 1.22).
  @overload(np.MachAr)
swap/t7/demo_0 success=False referent=False grasped=akita_black_bowl_1 frame_err=1.8165
swap/t7/demo_1 success=False referent=True grasped=akita_black_bowl_2 frame_err=2.4695
swap/t7/demo_2 success=False referent=False grasped=akita_black_bowl_1 frame_err=1.2825
swap/t7/demo_3 success=False referent=False grasped=akita_black_bowl_1 frame_err=1.9516
swap/t7/demo_4 success=False referent=True grasped=akita_black_bowl_2 frame_err=1.9433
swap/t7/demo_5 success=False referent=True grasped=akita_black_bowl_2 frame_err=2.4972
swap/t7/demo_6 success=False referent=False grasped=akita_black_bowl_1 frame_err=2.6763
swap/t7/demo_7 success=False referent=False grasped=akita_black_bowl_1 frame_err=2.3591
swap/t7/demo_9 success=False referent=False grasped=akita_black_bowl_1 frame_err=1.8256
swap/t7/demo_10 success=False referent=False grasped=akita_black_bowl_1 frame_err=2.0726
swap/t7/demo_15 success=False referent=False grasped=akita_black_bowl_1 frame_err=2.6564
swap/t7/demo_16 success=False referent=False grasped=akita_black_bowl_1 frame_err=2.2166
swap/t7/demo_17 success=False referent=True grasped=akita_black_bowl_2 frame_err=1.9704
swap/t7/demo_19 success=False referent=False grasped=akita_black_bowl_1 frame_err=2.8064
swap/t7/demo_20 success=False referent=False grasped=akita_black_bowl_1 frame_err=2.1874
swap/t7/demo_21 success=False referent=True grasped=akita_black_bowl_2 frame_err=2.2363
swap/t7/demo_22 success=False referent=True grasped=akita_black_bowl_2 frame_err=1.6003
swap/t7/demo_23 success=False referent=True grasped=akita_black_bowl_2 frame_err=1.4248
swap/t7/demo_24 success=False referent=True grasped=akita_black_bowl_2 frame_err=1.4107
swap/t7/demo_25 success=False referent=False grasped=akita_black_bowl_1 frame_err=1.4417
swap/t8/demo_0 success=False referent=True grasped=akita_black_bowl_2 frame_err=1.6541
swap/t8/demo_3 success=False referent=True grasped=akita_black_bowl_2 frame_err=3.0030
swap/t8/demo_4 success=False referent=True grasped=akita_black_bowl_2 frame_err=2.7652
swap/t8/demo_5 success=False referent=True grasped=akita_black_bowl_2 frame_err=1.0977
swap/t8/demo_6 success=False referent=True grasped=akita_black_bowl_2 frame_err=1.8677
swap/t8/demo_7 success=False referent=True grasped=akita_black_bowl_2 frame_err=2.4304
swap/t8/demo_8 success=False referent=True grasped=akita_black_bowl_2 frame_err=1.1456
swap/t8/demo_10 success=False referent=True grasped=akita_black_bowl_2 frame_err=2.3557
swap/t8/demo_11 success=False referent=True grasped=akita_black_bowl_2 frame_err=1.0205
swap/t8/demo_13 success=False referent=True grasped=akita_black_bowl_2 frame_err=1.9296
swap/t8/demo_14 success=False referent=True grasped=akita_black_bowl_2 frame_err=1.2927
swap/t8/demo_15 success=False referent=True grasped=akita_black_bowl_2 frame_err=1.3143
swap/t8/demo_17 success=False referent=True grasped=akita_black_bowl_2 frame_err=2.1080
swap/t8/demo_21 success=False referent=True grasped=akita_black_bowl_2 frame_err=2.0731
swap/t8/demo_22 success=False referent=False grasped=akita_black_bowl_1 frame_err=2.6558
swap/t8/demo_23 success=False referent=True grasped=akita_black_bowl_2 frame_err=2.4775
swap/t8/demo_24 success=False referent=True grasped=akita_black_bowl_2 frame_err=2.0136
swap/t8/demo_25 success=False referent=True grasped=akita_black_bowl_2 frame_err=2.7832
swap/t8/demo_26 success=False referent=False grasped=akita_black_bowl_1 frame_err=0.7585
swap/t8/demo_28 success=False referent=False grasped=akita_black_bowl_1 frame_err=1.5980
swap/t9/demo_1 success=False referent=False grasped=akita_black_bowl_1 frame_err=2.2632
swap/t9/demo_2 success=False referent=True grasped=akita_black_bowl_2 frame_err=1.4397
swap/t9/demo_3 success=False referent=False grasped=akita_black_bowl_1 frame_err=0.8737
swap/t9/demo_4 success=False referent=True grasped=akita_black_bowl_2 frame_err=1.2049
swap/t9/demo_6 success=False referent=False grasped=akita_black_bowl_1 frame_err=1.4505
swap/t9/demo_7 success=False referent=True grasped=akita_black_bowl_2 frame_err=1.0197
swap/t9/demo_8 success=False referent=True grasped=akita_black_bowl_2 frame_err=0.7757
swap/t9/demo_9 success=False referent=False grasped=akita_black_bowl_1 frame_err=1.5635
swap/t9/demo_10 success=False referent=False grasped=akita_black_bowl_1 frame_err=1.6421
swap/t9/demo_13 success=False referent=False grasped=akita_black_bowl_1 frame_err=1.0884
swap/t9/demo_14 success=False referent=True grasped=akita_black_bowl_2 frame_err=2.0026
swap/t9/demo_15 success=False referent=False grasped=akita_black_bowl_1 frame_err=0.4633
swap/t9/demo_17 success=False referent=True grasped=akita_black_bowl_2 frame_err=2.3095
swap/t9/demo_18 success=False referent=False grasped=akita_black_bowl_1 frame_err=2.8936
swap/t9/demo_19 success=False referent=True grasped=akita_black_bowl_2 frame_err=2.1899
swap/t9/demo_21 success=False referent=False grasped=akita_black_bowl_1 frame_err=1.0850
swap/t9/demo_22 success=False referent=False grasped=akita_black_bowl_1 frame_err=2.3019
swap/t9/demo_23 success=False referent=False grasped=akita_black_bowl_1 frame_err=1.5572
swap/t9/demo_24 success=False referent=False grasped=None frame_err=1.1969
swap/t9/demo_25 success=False referent=False grasped=akita_black_bowl_1 frame_err=1.3095
swap/t10/demo_0 success=False referent=True grasped=akita_black_bowl_2 frame_err=1.1313
swap/t10/demo_1 success=False referent=False grasped=akita_black_bowl_1 frame_err=1.9761
swap/t10/demo_2 success=False referent=False grasped=akita_black_bowl_1 frame_err=1.7538
swap/t10/demo_3 success=False referent=True grasped=akita_black_bowl_2 frame_err=1.2112
swap/t10/demo_4 success=False referent=False grasped=akita_black_bowl_1 frame_err=0.9332
swap/t10/demo_5 success=False referent=True grasped=akita_black_bowl_2 frame_err=1.7120
swap/t10/demo_6 success=False referent=False grasped=akita_black_bowl_1 frame_err=1.8875
swap/t10/demo_7 success=False referent=False grasped=akita_black_bowl_1 frame_err=1.4900
swap/t10/demo_8 success=False referent=True grasped=akita_black_bowl_2 frame_err=1.0137
swap/t10/demo_9 success=False referent=False grasped=akita_black_bowl_1 frame_err=1.0090
swap/t10/demo_10 success=False referent=True grasped=akita_black_bowl_2 frame_err=1.1615
swap/t10/demo_11 success=False referent=True grasped=akita_black_bowl_2 frame_err=1.9329
swap/t10/demo_12 success=False referent=True grasped=akita_black_bowl_2 frame_err=1.0629
swap/t10/demo_13 success=False referent=True grasped=akita_black_bowl_2 frame_err=1.8389
swap/t10/demo_14 success=False referent=False grasped=akita_black_bowl_1 frame_err=1.0512
swap/t10/demo_15 success=False referent=True grasped=akita_black_bowl_2 frame_err=1.4132
swap/t10/demo_16 success=False referent=False grasped=akita_black_bowl_1 frame_err=2.0190
swap/t10/demo_17 success=False referent=True grasped=akita_black_bowl_2 frame_err=1.5710
swap/t10/demo_18 success=False referent=False grasped=akita_black_bowl_1 frame_err=1.7141
swap/t10/demo_19 success=False referent=False grasped=akita_black_bowl_1 frame_err=1.5418
{
  "swap|ALL": {
    "n": 80,
    "success": 0.0,
    "referent_success": 0.525,
    "wrong_bowl": 0.4625,
    "grasped_any": 0.9875
  },
  "swap|t10": {
    "n": 20,
    "success": 0.0,
    "referent_success": 0.5,
    "wrong_bowl": 0.5,
    "grasped_any": 1.0
  },
  "swap|t7": {
    "n": 20,
    "success": 0.0,
    "referent_success": 0.4,
    "wrong_bowl": 0.6,
    "grasped_any": 1.0
  },
  "swap|t8": {
    "n": 20,
    "success": 0.0,
    "referent_success": 0.85,
    "wrong_bowl": 0.15,
    "grasped_any": 1.0
  },
  "swap|t9": {
    "n": 20,
    "success": 0.0,
    "referent_success": 0.35,
    "wrong_bowl": 0.6,
    "grasped_any": 0.95
  }
}
wrote /workspace/SketchPromptVLA-Pi/outputs/v7_paired_step2999_chunk05_swap_t7_t10.json
