[robosuite WARNING] No private macro file found! (macros.py:53)
WARNING:robosuite_logs:No private macro file found!
[robosuite WARNING] It is recommended to use a private macro file (macros.py:54)
WARNING:robosuite_logs:It is recommended to use a private macro file
[robosuite WARNING] To setup, run: python /workspace/SketchPromptVLA-Pi/examples/libero/.venv/lib/python3.8/site-packages/robosuite/scripts/setup_macros.py (macros.py:55)
WARNING:robosuite_logs:To setup, run: python /workspace/SketchPromptVLA-Pi/examples/libero/.venv/lib/python3.8/site-packages/robosuite/scripts/setup_macros.py
/workspace/SketchPromptVLA-Pi/examples/libero/.venv/lib/python3.8/site-packages/numba/np/arraymath.py:3845: DeprecationWarning: `np.MachAr` is deprecated (NumPy 1.22).
  @overload(np.MachAr)
real/t5/demo_0 success=True referent=True grasped=akita_black_bowl_1 frame_err=2.1036
real/t5/demo_1 success=True referent=True grasped=akita_black_bowl_1 frame_err=2.7200
real/t5/demo_4 success=True referent=True grasped=akita_black_bowl_1 frame_err=1.9989
real/t5/demo_5 success=True referent=True grasped=akita_black_bowl_1 frame_err=2.1189
real/t5/demo_6 success=True referent=True grasped=akita_black_bowl_1 frame_err=2.8812
real/t5/demo_7 success=True referent=True grasped=akita_black_bowl_1 frame_err=2.0365
real/t5/demo_8 success=True referent=True grasped=akita_black_bowl_1 frame_err=1.0626
real/t5/demo_9 success=True referent=True grasped=akita_black_bowl_1 frame_err=2.1982
real/t5/demo_10 success=True referent=True grasped=akita_black_bowl_1 frame_err=1.9210
real/t5/demo_11 success=True referent=True grasped=akita_black_bowl_1 frame_err=1.2888
real/t5/demo_12 success=True referent=True grasped=akita_black_bowl_1 frame_err=1.7863
real/t5/demo_13 success=True referent=True grasped=akita_black_bowl_1 frame_err=1.0743
real/t5/demo_14 success=True referent=True grasped=akita_black_bowl_1 frame_err=1.5834
real/t5/demo_15 success=True referent=True grasped=akita_black_bowl_1 frame_err=2.0742
real/t5/demo_16 success=True referent=True grasped=akita_black_bowl_1 frame_err=1.4423
real/t5/demo_17 success=True referent=True grasped=akita_black_bowl_1 frame_err=2.6316
real/t5/demo_18 success=True referent=True grasped=akita_black_bowl_1 frame_err=2.0677
real/t5/demo_19 success=True referent=True grasped=akita_black_bowl_1 frame_err=3.0860
real/t5/demo_20 success=True referent=True grasped=akita_black_bowl_1 frame_err=1.2798
real/t5/demo_21 success=True referent=True grasped=akita_black_bowl_1 frame_err=2.0788
real/t6/demo_0 success=False referent=False grasped=akita_black_bowl_2 frame_err=1.6867
real/t6/demo_1 success=True referent=True grasped=akita_black_bowl_1 frame_err=1.7173
real/t6/demo_2 success=False referent=False grasped=akita_black_bowl_2 frame_err=1.9167
real/t6/demo_5 success=True referent=True grasped=akita_black_bowl_1 frame_err=2.1809
real/t6/demo_6 success=True referent=True grasped=akita_black_bowl_1 frame_err=1.9303
real/t6/demo_7 success=False referent=False grasped=akita_black_bowl_2 frame_err=2.3636
real/t6/demo_8 success=True referent=True grasped=akita_black_bowl_1 frame_err=2.7437
real/t6/demo_9 success=True referent=True grasped=akita_black_bowl_1 frame_err=1.8299
real/t6/demo_10 success=False referent=False grasped=akita_black_bowl_2 frame_err=2.3985
real/t6/demo_12 success=True referent=True grasped=akita_black_bowl_1 frame_err=2.2252
real/t6/demo_13 success=True referent=True grasped=akita_black_bowl_1 frame_err=1.5886
real/t6/demo_14 success=True referent=True grasped=akita_black_bowl_1 frame_err=0.7451
real/t6/demo_15 success=True referent=True grasped=akita_black_bowl_1 frame_err=1.5472
real/t6/demo_16 success=True referent=True grasped=akita_black_bowl_1 frame_err=2.3223
real/t6/demo_17 success=True referent=True grasped=akita_black_bowl_1 frame_err=1.9815
real/t6/demo_18 success=False referent=False grasped=akita_black_bowl_2 frame_err=1.9174
real/t6/demo_19 success=True referent=True grasped=akita_black_bowl_1 frame_err=2.7906
real/t6/demo_22 success=True referent=True grasped=akita_black_bowl_1 frame_err=2.0191
real/t6/demo_23 success=True referent=True grasped=akita_black_bowl_1 frame_err=1.6702
real/t6/demo_25 success=False referent=False grasped=akita_black_bowl_2 frame_err=1.2234
real/t7/demo_0 success=True referent=True grasped=akita_black_bowl_1 frame_err=2.7116
real/t7/demo_1 success=True referent=True grasped=akita_black_bowl_1 frame_err=1.8051
real/t7/demo_2 success=True referent=True grasped=akita_black_bowl_1 frame_err=2.1126
real/t7/demo_3 success=True referent=True grasped=akita_black_bowl_1 frame_err=3.2722
real/t7/demo_4 success=True referent=True grasped=akita_black_bowl_1 frame_err=2.6971
real/t7/demo_5 success=True referent=True grasped=akita_black_bowl_1 frame_err=1.6239
real/t7/demo_6 success=True referent=True grasped=akita_black_bowl_1 frame_err=2.1437
real/t7/demo_7 success=True referent=True grasped=akita_black_bowl_1 frame_err=2.8829
real/t7/demo_9 success=True referent=True grasped=akita_black_bowl_1 frame_err=2.6250
real/t7/demo_10 success=True referent=True grasped=akita_black_bowl_1 frame_err=0.9897
real/t7/demo_15 success=True referent=True grasped=akita_black_bowl_1 frame_err=1.0168
real/t7/demo_16 success=True referent=True grasped=akita_black_bowl_1 frame_err=1.4791
real/t7/demo_17 success=True referent=True grasped=akita_black_bowl_1 frame_err=1.2699
real/t7/demo_19 success=True referent=True grasped=akita_black_bowl_1 frame_err=1.1614
real/t7/demo_20 success=True referent=True grasped=akita_black_bowl_1 frame_err=2.2424
real/t7/demo_21 success=True referent=True grasped=akita_black_bowl_1 frame_err=2.1453
real/t7/demo_22 success=False referent=False grasped=akita_black_bowl_2 frame_err=2.1276
real/t7/demo_23 success=True referent=True grasped=akita_black_bowl_1 frame_err=1.9023
real/t7/demo_24 success=True referent=True grasped=akita_black_bowl_1 frame_err=1.1811
real/t7/demo_25 success=True referent=True grasped=akita_black_bowl_1 frame_err=0.9086
real/t8/demo_0 success=True referent=True grasped=akita_black_bowl_1 frame_err=1.5790
real/t8/demo_3 success=True referent=True grasped=akita_black_bowl_1 frame_err=3.0745
real/t8/demo_4 success=True referent=True grasped=akita_black_bowl_1 frame_err=2.8474
real/t8/demo_5 success=True referent=True grasped=akita_black_bowl_1 frame_err=1.5103
real/t8/demo_6 success=True referent=True grasped=akita_black_bowl_1 frame_err=1.7343
real/t8/demo_7 success=True referent=True grasped=akita_black_bowl_1 frame_err=2.1310
real/t8/demo_8 success=True referent=True grasped=akita_black_bowl_1 frame_err=2.5316
real/t8/demo_10 success=False referent=False grasped=akita_black_bowl_2 frame_err=1.9140
real/t8/demo_11 success=True referent=True grasped=akita_black_bowl_1 frame_err=2.1324
real/t8/demo_13 success=False referent=False grasped=akita_black_bowl_2 frame_err=1.2179
real/t8/demo_14 success=True referent=True grasped=akita_black_bowl_1 frame_err=2.5676
real/t8/demo_15 success=False referent=False grasped=akita_black_bowl_2 frame_err=1.7747
real/t8/demo_17 success=False referent=True grasped=akita_black_bowl_1 frame_err=2.5239
real/t8/demo_21 success=True referent=True grasped=akita_black_bowl_1 frame_err=0.6107
real/t8/demo_22 success=True referent=True grasped=akita_black_bowl_1 frame_err=1.1653
real/t8/demo_23 success=True referent=True grasped=akita_black_bowl_1 frame_err=1.6656
real/t8/demo_24 success=True referent=True grasped=akita_black_bowl_1 frame_err=1.6601
real/t8/demo_25 success=False referent=False grasped=akita_black_bowl_2 frame_err=3.5196
real/t8/demo_26 success=True referent=True grasped=akita_black_bowl_1 frame_err=2.8600
real/t8/demo_28 success=True referent=True grasped=akita_black_bowl_1 frame_err=1.7564
{
  "real|ALL": {
    "n": 80,
    "success": 0.85,
    "referent_success": 0.8625,
    "wrong_bowl": 0.1375,
    "grasped_any": 1.0
  },
  "real|t5": {
    "n": 20,
    "success": 1.0,
    "referent_success": 1.0,
    "wrong_bowl": 0.0,
    "grasped_any": 1.0
  },
  "real|t6": {
    "n": 20,
    "success": 0.7,
    "referent_success": 0.7,
    "wrong_bowl": 0.3,
    "grasped_any": 1.0
  },
  "real|t7": {
    "n": 20,
    "success": 0.95,
    "referent_success": 0.95,
    "wrong_bowl": 0.05,
    "grasped_any": 1.0
  },
  "real|t8": {
    "n": 20,
    "success": 0.75,
    "referent_success": 0.8,
    "wrong_bowl": 0.2,
    "grasped_any": 1.0
  }
}
wrote /workspace/SketchPromptVLA-Pi/outputs/v7_paired_step2999_chunk02_real_t5_t8.json
