provenance eval_scripts=45a525e
[robosuite WARNING] No private macro file found! (macros.py:53)
[robosuite WARNING] It is recommended to use a private macro file (macros.py:54)
[robosuite WARNING] To setup, run: python /workspace/SketchPromptVLA-Pi/examples/libero/.venv/lib/python3.8/site-packages/robosuite/scripts/setup_macros.py (macros.py:55)
/workspace/SketchPromptVLA-Pi/examples/libero/.venv/lib/python3.8/site-packages/numba/np/arraymath.py:3845: DeprecationWarning: `np.MachAr` is deprecated (NumPy 1.22).
  @overload(np.MachAr)
    prompt -> 'pick up the black bowl between the plate and the ramekin and place it on the plate'
  relocated/t1/demo_0 success=True grasped=akita_black_bowl_1
  relocated/t1/demo_1 success=True grasped=akita_black_bowl_1
  relocated/t1/demo_2 success=True grasped=akita_black_bowl_1
  relocated/t1/demo_3 success=True grasped=akita_black_bowl_1
  relocated/t1/demo_4 success=True grasped=akita_black_bowl_1
{
  "relocated|ALL": {
    "n": 5,
    "success": 1.0,
    "se": 0.0,
    "grasped_any": 1.0,
    "grasped_wrong_bowl": 0.0
  },
  "relocated|t1": {
    "n": 5,
    "success": 1.0,
    "se": 0.0,
    "grasped_any": 1.0,
    "grasped_wrong_bowl": 0.0
  }
}
wrote /workspace/SketchPromptVLA-Pi/outputs/pairing_candidates/t1_from_t5.json
provenance eval_scripts=45a525e
[robosuite WARNING] No private macro file found! (macros.py:53)
[robosuite WARNING] It is recommended to use a private macro file (macros.py:54)
[robosuite WARNING] To setup, run: python /workspace/SketchPromptVLA-Pi/examples/libero/.venv/lib/python3.8/site-packages/robosuite/scripts/setup_macros.py (macros.py:55)
/workspace/SketchPromptVLA-Pi/examples/libero/.venv/lib/python3.8/site-packages/numba/np/arraymath.py:3845: DeprecationWarning: `np.MachAr` is deprecated (NumPy 1.22).
  @overload(np.MachAr)
    prompt -> 'pick up the black bowl between the plate and the ramekin and place it on the plate'
  relocated/t1/demo_0 success=True grasped=akita_black_bowl_1
  relocated/t1/demo_1 success=True grasped=akita_black_bowl_1
  relocated/t1/demo_2 success=True grasped=akita_black_bowl_1
  relocated/t1/demo_3 success=True grasped=akita_black_bowl_1
  relocated/t1/demo_4 success=True grasped=akita_black_bowl_1
{
  "relocated|ALL": {
    "n": 5,
    "success": 1.0,
    "se": 0.0,
    "grasped_any": 1.0,
    "grasped_wrong_bowl": 0.0
  },
  "relocated|t1": {
    "n": 5,
    "success": 1.0,
    "se": 0.0,
    "grasped_any": 1.0,
    "grasped_wrong_bowl": 0.0
  }
}
wrote /workspace/SketchPromptVLA-Pi/outputs/pairing_candidates/t1_from_t6.json
provenance eval_scripts=45a525e
[robosuite WARNING] No private macro file found! (macros.py:53)
[robosuite WARNING] It is recommended to use a private macro file (macros.py:54)
[robosuite WARNING] To setup, run: python /workspace/SketchPromptVLA-Pi/examples/libero/.venv/lib/python3.8/site-packages/robosuite/scripts/setup_macros.py (macros.py:55)
/workspace/SketchPromptVLA-Pi/examples/libero/.venv/lib/python3.8/site-packages/numba/np/arraymath.py:3845: DeprecationWarning: `np.MachAr` is deprecated (NumPy 1.22).
  @overload(np.MachAr)
    prompt -> 'pick up the black bowl next to the ramekin and place it on the plate'
  relocated/t6/demo_0 success=False grasped=akita_black_bowl_2
  relocated/t6/demo_1 success=False grasped=akita_black_bowl_2
  relocated/t6/demo_2 success=False grasped=akita_black_bowl_2
  relocated/t6/demo_3 success=False grasped=akita_black_bowl_2
  relocated/t6/demo_4 success=False grasped=akita_black_bowl_2
{
  "relocated|ALL": {
    "n": 5,
    "success": 0.0,
    "se": 0.0,
    "grasped_any": 1.0,
    "grasped_wrong_bowl": 1.0
  },
  "relocated|t6": {
    "n": 5,
    "success": 0.0,
    "se": 0.0,
    "grasped_any": 1.0,
    "grasped_wrong_bowl": 1.0
  }
}
wrote /workspace/SketchPromptVLA-Pi/outputs/pairing_candidates/t6_from_t1.json
provenance eval_scripts=45a525e
[robosuite WARNING] No private macro file found! (macros.py:53)
[robosuite WARNING] It is recommended to use a private macro file (macros.py:54)
[robosuite WARNING] To setup, run: python /workspace/SketchPromptVLA-Pi/examples/libero/.venv/lib/python3.8/site-packages/robosuite/scripts/setup_macros.py (macros.py:55)
/workspace/SketchPromptVLA-Pi/examples/libero/.venv/lib/python3.8/site-packages/numba/np/arraymath.py:3845: DeprecationWarning: `np.MachAr` is deprecated (NumPy 1.22).
  @overload(np.MachAr)
    prompt -> 'pick up the black bowl next to the ramekin and place it on the plate'
  relocated/t6/demo_0 success=False grasped=akita_black_bowl_2
  relocated/t6/demo_1 success=True grasped=akita_black_bowl_1
  relocated/t6/demo_2 success=True grasped=akita_black_bowl_1
  relocated/t6/demo_3 success=False grasped=akita_black_bowl_2
  relocated/t6/demo_4 success=False grasped=akita_black_bowl_2
{
  "relocated|ALL": {
    "n": 5,
    "success": 0.4,
    "se": 0.2191,
    "grasped_any": 1.0,
    "grasped_wrong_bowl": 0.6
  },
  "relocated|t6": {
    "n": 5,
    "success": 0.4,
    "se": 0.2191,
    "grasped_any": 1.0,
    "grasped_wrong_bowl": 0.6
  }
}
wrote /workspace/SketchPromptVLA-Pi/outputs/pairing_candidates/t6_from_t2.json
